* installing *source* package ‘gpcp’ ...
** this is package ‘gpcp’ version ‘0.1.1’
** using staged installation
** libs
using C++ compiler: ‘g++ (Ubuntu 11.4.0-1ubuntu1~22.04) 11.4.0’
make: Nothing to be done for 'all'.
installing to /home/cmn92/gpcp/..Rcheck/00LOCK-gpcp/00new/gpcp/libs
** R
** data
*** moving datasets to lazyload DB
** inst
** byte-compile and prepare package for lazy loading
** help
*** installing help indices
** building package indices
** installing vignettes
** testing if installed package can be loaded from temporary location
** checking absolute paths in shared objects and dynamic libraries
** testing if installed package can be loaded from final location
** testing if installed package keeps a record of temporary installation path
* DONE (gpcp)
