* installing *source* package ‘gpcp’ ...
** this is package ‘gpcp’ version ‘0.1.1’
** using staged installation
** libs
using C++ compiler: ‘g++ (Ubuntu 11.4.0-1ubuntu1~22.04) 11.4.0’
g++ -std=gnu++17 -I"/usr/share/R/include" -DNDEBUG  -I'/home/cmn92/R/x86_64-pc-linux-gnu-library/4.5/Rcpp/include' -I'/home/cmn92/R/x86_64-pc-linux-gnu-library/4.5/RcppArmadillo/include'     -fpic  -g -O2 -ffile-prefix-map=/build/r-base-0RQCNp/r-base-4.5.1=. -fstack-protector-strong -Wformat -Werror=format-security -Wdate-time -D_FORTIFY_SOURCE=2   -c CalcCrossMeans.cpp -o CalcCrossMeans.o
g++ -std=gnu++17 -I"/usr/share/R/include" -DNDEBUG  -I'/home/cmn92/R/x86_64-pc-linux-gnu-library/4.5/Rcpp/include' -I'/home/cmn92/R/x86_64-pc-linux-gnu-library/4.5/RcppArmadillo/include'     -fpic  -g -O2 -ffile-prefix-map=/build/r-base-0RQCNp/r-base-4.5.1=. -fstack-protector-strong -Wformat -Werror=format-security -Wdate-time -D_FORTIFY_SOURCE=2   -c RcppExports.cpp -o RcppExports.o
g++ -std=gnu++17 -shared -L/usr/lib/R/lib -Wl,-Bsymbolic-functions -flto=auto -ffat-lto-objects -flto=auto -Wl,-z,relro -o gpcp.so CalcCrossMeans.o RcppExports.o -llapack -lblas -lgfortran -lm -lquadmath -L/usr/lib/R/lib -lR
installing to /home/cmn92/gpcp/gpcp.Rcheck/00LOCK-gpcp/00new/gpcp/libs
** R
** data
*** moving datasets to lazyload DB
** inst
** byte-compile and prepare package for lazy loading
** help
*** installing help indices
** building package indices
** installing vignettes
** testing if installed package can be loaded from temporary location
** checking absolute paths in shared objects and dynamic libraries
** testing if installed package can be loaded from final location
** testing if installed package keeps a record of temporary installation path
* DONE (gpcp)
