Hmm ... looks like a package
Converting parsed Rd's to LaTeX 
Creating pdf output from LaTeX ...
Warning in texi2dvi(file = file, pdf = TRUE, clean = clean, quiet = quiet,  :
  texi2dvi script/program not available, using emulation
This is pdfTeX, Version 3.141592653-2.6-1.40.26 (TeX Live 2024) (preloaded format=pdflatex)
 restricted \write18 enabled.
entering extended mode
(./Rd2.tex
LaTeX2e <2024-11-01> patch level 1
L3 programming layer <2024-11-02>

(/home/cmn92/.TinyTeX/texmf-dist/tex/latex/base/book.cls
Document Class: book 2024/06/29 v1.4n Standard LaTeX document class
(/home/cmn92/.TinyTeX/texmf-dist/tex/latex/base/bk10.clo)) (/usr/share/R/share/texmf/tex/latex/Rd.sty (/home/cmn92/.TinyTeX/texmf-dist/tex/latex/base/ifthen.sty) (/home/cmn92/.TinyTeX/texmf-dist/tex/generic/iftex/iftex.sty) (/home/cmn92/.TinyTeX/texmf-dist/tex/latex/tools/longtable.sty) (/home/cmn92/.TinyTeX/texmf-dist/tex/latex/tools/bm.sty) (/home/cmn92/.TinyTeX/texmf-dist/tex/latex/base/alltt.sty) (/home/cmn92/.TinyTeX/texmf-dist/tex/latex/tools/verbatim.sty) (/home/cmn92/.TinyTeX/texmf-dist/tex/latex/url/url.sty) (/home/cmn92/.TinyTeX/texmf-dist/tex/latex/base/textcomp.sty) (/home/cmn92/.TinyTeX/texmf-dist/tex/latex/amsmath/amsmath.sty
For additional information on amsmath, use the `?' option.
(/home/cmn92/.TinyTeX/texmf-dist/tex/latex/amsmath/amstext.sty (/home/cmn92/.TinyTeX/texmf-dist/tex/latex/amsmath/amsgen.sty)) (/home/cmn92/.TinyTeX/texmf-dist/tex/latex/amsmath/amsbsy.sty) (/home/cmn92/.TinyTeX/texmf-dist/tex/latex/amsmath/amsopn.sty)) (/home/cmn92/.TinyTeX/texmf-dist/tex/latex/amsfonts/amsfonts.sty) (/home/cmn92/.TinyTeX/texmf-dist/tex/latex/amsfonts/amssymb.sty) (/home/cmn92/.TinyTeX/texmf-dist/tex/latex/amsfonts/eucal.sty) (/home/cmn92/.TinyTeX/texmf-dist/tex/latex/base/fontenc.sty) (/home/cmn92/.TinyTeX/texmf-dist/tex/latex/psnfss/times.sty) (/home/cmn92/.TinyTeX/texmf-dist/tex/latex/inconsolata/zi4.sty `inconsolata-zi4' v1.12, 2019/05/17 Text macros for Inconsolata (msharpe) (/home/cmn92/.TinyTeX/texmf-dist/tex/latex/xkeyval/xkeyval.sty (/home/cmn92/.TinyTeX/texmf-dist/tex/generic/xkeyval/xkeyval.tex (/home/cmn92/.TinyTeX/texmf-dist/tex/generic/xkeyval/xkvutils.tex (/home/cmn92/.TinyTeX/texmf-dist/tex/generic/xkeyval/keyval.tex))))) (/home/cmn92/.TinyTeX/texmf-dist/tex/latex/graphics/color.sty (/home/cmn92/.TinyTeX/texmf-dist/tex/latex/graphics-cfg/color.cfg) (/home/cmn92/.TinyTeX/texmf-dist/tex/latex/graphics-def/pdftex.def) (/home/cmn92/.TinyTeX/texmf-dist/tex/latex/graphics/mathcolor.ltx)) (/home/cmn92/.TinyTeX/texmf-dist/tex/latex/hyperref/hyperref.sty (/home/cmn92/.TinyTeX/texmf-dist/tex/latex/kvsetkeys/kvsetkeys.sty) (/home/cmn92/.TinyTeX/texmf-dist/tex/generic/kvdefinekeys/kvdefinekeys.sty) (/home/cmn92/.TinyTeX/texmf-dist/tex/generic/pdfescape/pdfescape.sty (/home/cmn92/.TinyTeX/texmf-dist/tex/generic/ltxcmds/ltxcmds.sty) (/home/cmn92/.TinyTeX/texmf-dist/tex/generic/pdftexcmds/pdftexcmds.sty (/home/cmn92/.TinyTeX/texmf-dist/tex/generic/infwarerr/infwarerr.sty))) (/home/cmn92/.TinyTeX/texmf-dist/tex/latex/hycolor/hycolor.sty) (/home/cmn92/.TinyTeX/texmf-dist/tex/latex/hyperref/nameref.sty (/home/cmn92/.TinyTeX/texmf-dist/tex/latex/refcount/refcount.sty) (/home/cmn92/.TinyTeX/texmf-dist/tex/generic/gettitlestring/gettitlestring.sty (/home/cmn92/.TinyTeX/texmf-dist/tex/latex/kvoptions/kvoptions.sty))) (/home/cmn92/.TinyTeX/texmf-dist/tex/latex/etoolbox/etoolbox.sty) (/home/cmn92/.TinyTeX/texmf-dist/tex/generic/stringenc/stringenc.sty) (/home/cmn92/.TinyTeX/texmf-dist/tex/latex/hyperref/pd1enc.def) (/home/cmn92/.TinyTeX/texmf-dist/tex/generic/intcalc/intcalc.sty) (/home/cmn92/.TinyTeX/texmf-dist/tex/latex/hyperref/puenc.def) (/home/cmn92/.TinyTeX/texmf-dist/tex/generic/bitset/bitset.sty (/home/cmn92/.TinyTeX/texmf-dist/tex/generic/bigintcalc/bigintcalc.sty)) (/home/cmn92/.TinyTeX/texmf-dist/tex/latex/base/atbegshi-ltx.sty)) (/home/cmn92/.TinyTeX/texmf-dist/tex/latex/hyperref/hpdftex.def (/home/cmn92/.TinyTeX/texmf-dist/tex/latex/base/atveryend-ltx.sty) (/home/cmn92/.TinyTeX/texmf-dist/tex/latex/rerunfilecheck/rerunfilecheck.sty (/home/cmn92/.TinyTeX/texmf-dist/tex/generic/uniquecounter/uniquecounter.sty)))) (/home/cmn92/.TinyTeX/texmf-dist/tex/latex/base/makeidx.sty)
Writing index file Rd2.idx
(/home/cmn92/.TinyTeX/texmf-dist/tex/latex/psnfss/t1ptm.fd) (/home/cmn92/.TinyTeX/texmf-dist/tex/latex/l3backend/l3backend-pdftex.def)
No file Rd2.aux.
(/home/cmn92/.TinyTeX/texmf-dist/tex/latex/inconsolata/t1zi4.fd)
No file Rd2.toc.
(/home/cmn92/.TinyTeX/texmf-dist/tex/latex/amsfonts/umsa.fd) (/home/cmn92/.TinyTeX/texmf-dist/tex/latex/amsfonts/umsb.fd)
[1{/home/cmn92/.TinyTeX/texmf-var/fonts/map/pdftex/updmap/pdftex.map}{/home/cmn92/.TinyTeX/texmf-dist/fonts/enc/dvips/base/8r.enc}{/home/cmn92/.TinyTeX/texmf-dist/fonts/enc/dvips/inconsolata/i4-t1-0.enc}]
[2]
[3]
No file Rd2.ind.

[4] (./Rd2.aux)

Package rerunfilecheck Warning: File `Rd2.out' has changed.
(rerunfilecheck)                Rerun to get outlines right
(rerunfilecheck)                or use package `bookmark'.

 )</home/cmn92/.TinyTeX/texmf-dist/fonts/type1/public/inconsolata/Inconsolata-zi4r.pfb></home/cmn92/.TinyTeX/texmf-dist/fonts/type1/urw/times/utmb8a.pfb></home/cmn92/.TinyTeX/texmf-dist/fonts/type1/urw/times/utmr8a.pfb></home/cmn92/.TinyTeX/texmf-dist/fonts/type1/urw/times/utmr8a.pfb></home/cmn92/.TinyTeX/texmf-dist/fonts/type1/urw/times/utmri8a.pfb>
Output written on Rd2.pdf (4 pages, 80442 bytes).
Transcript written on Rd2.log.
This is makeindex, version 2.15 [TeX Live 2022/dev] (kpathsea + Thai support).
Scanning input file Rd2.idx....done (3 entries accepted, 0 rejected).
Sorting entries....done (4 comparisons).
Generating output file Rd2.ind....done (14 lines written, 0 warnings).
Output written in Rd2.ind.
Transcript written in Rd2.ilg.
This is pdfTeX, Version 3.141592653-2.6-1.40.26 (TeX Live 2024) (preloaded format=pdflatex)
 restricted \write18 enabled.
entering extended mode
(./Rd2.tex
LaTeX2e <2024-11-01> patch level 1
L3 programming layer <2024-11-02>

(/home/cmn92/.TinyTeX/texmf-dist/tex/latex/base/book.cls
Document Class: book 2024/06/29 v1.4n Standard LaTeX document class
(/home/cmn92/.TinyTeX/texmf-dist/tex/latex/base/bk10.clo)) (/usr/share/R/share/texmf/tex/latex/Rd.sty (/home/cmn92/.TinyTeX/texmf-dist/tex/latex/base/ifthen.sty) (/home/cmn92/.TinyTeX/texmf-dist/tex/generic/iftex/iftex.sty) (/home/cmn92/.TinyTeX/texmf-dist/tex/latex/tools/longtable.sty) (/home/cmn92/.TinyTeX/texmf-dist/tex/latex/tools/bm.sty) (/home/cmn92/.TinyTeX/texmf-dist/tex/latex/base/alltt.sty) (/home/cmn92/.TinyTeX/texmf-dist/tex/latex/tools/verbatim.sty) (/home/cmn92/.TinyTeX/texmf-dist/tex/latex/url/url.sty) (/home/cmn92/.TinyTeX/texmf-dist/tex/latex/base/textcomp.sty) (/home/cmn92/.TinyTeX/texmf-dist/tex/latex/amsmath/amsmath.sty
For additional information on amsmath, use the `?' option.
(/home/cmn92/.TinyTeX/texmf-dist/tex/latex/amsmath/amstext.sty (/home/cmn92/.TinyTeX/texmf-dist/tex/latex/amsmath/amsgen.sty)) (/home/cmn92/.TinyTeX/texmf-dist/tex/latex/amsmath/amsbsy.sty) (/home/cmn92/.TinyTeX/texmf-dist/tex/latex/amsmath/amsopn.sty)) (/home/cmn92/.TinyTeX/texmf-dist/tex/latex/amsfonts/amsfonts.sty) (/home/cmn92/.TinyTeX/texmf-dist/tex/latex/amsfonts/amssymb.sty) (/home/cmn92/.TinyTeX/texmf-dist/tex/latex/amsfonts/eucal.sty) (/home/cmn92/.TinyTeX/texmf-dist/tex/latex/base/fontenc.sty) (/home/cmn92/.TinyTeX/texmf-dist/tex/latex/psnfss/times.sty) (/home/cmn92/.TinyTeX/texmf-dist/tex/latex/inconsolata/zi4.sty `inconsolata-zi4' v1.12, 2019/05/17 Text macros for Inconsolata (msharpe) (/home/cmn92/.TinyTeX/texmf-dist/tex/latex/xkeyval/xkeyval.sty (/home/cmn92/.TinyTeX/texmf-dist/tex/generic/xkeyval/xkeyval.tex (/home/cmn92/.TinyTeX/texmf-dist/tex/generic/xkeyval/xkvutils.tex (/home/cmn92/.TinyTeX/texmf-dist/tex/generic/xkeyval/keyval.tex))))) (/home/cmn92/.TinyTeX/texmf-dist/tex/latex/graphics/color.sty (/home/cmn92/.TinyTeX/texmf-dist/tex/latex/graphics-cfg/color.cfg) (/home/cmn92/.TinyTeX/texmf-dist/tex/latex/graphics-def/pdftex.def) (/home/cmn92/.TinyTeX/texmf-dist/tex/latex/graphics/mathcolor.ltx)) (/home/cmn92/.TinyTeX/texmf-dist/tex/latex/hyperref/hyperref.sty (/home/cmn92/.TinyTeX/texmf-dist/tex/latex/kvsetkeys/kvsetkeys.sty) (/home/cmn92/.TinyTeX/texmf-dist/tex/generic/kvdefinekeys/kvdefinekeys.sty) (/home/cmn92/.TinyTeX/texmf-dist/tex/generic/pdfescape/pdfescape.sty (/home/cmn92/.TinyTeX/texmf-dist/tex/generic/ltxcmds/ltxcmds.sty) (/home/cmn92/.TinyTeX/texmf-dist/tex/generic/pdftexcmds/pdftexcmds.sty (/home/cmn92/.TinyTeX/texmf-dist/tex/generic/infwarerr/infwarerr.sty))) (/home/cmn92/.TinyTeX/texmf-dist/tex/latex/hycolor/hycolor.sty) (/home/cmn92/.TinyTeX/texmf-dist/tex/latex/hyperref/nameref.sty (/home/cmn92/.TinyTeX/texmf-dist/tex/latex/refcount/refcount.sty) (/home/cmn92/.TinyTeX/texmf-dist/tex/generic/gettitlestring/gettitlestring.sty (/home/cmn92/.TinyTeX/texmf-dist/tex/latex/kvoptions/kvoptions.sty))) (/home/cmn92/.TinyTeX/texmf-dist/tex/latex/etoolbox/etoolbox.sty) (/home/cmn92/.TinyTeX/texmf-dist/tex/generic/stringenc/stringenc.sty) (/home/cmn92/.TinyTeX/texmf-dist/tex/latex/hyperref/pd1enc.def) (/home/cmn92/.TinyTeX/texmf-dist/tex/generic/intcalc/intcalc.sty) (/home/cmn92/.TinyTeX/texmf-dist/tex/latex/hyperref/puenc.def) (/home/cmn92/.TinyTeX/texmf-dist/tex/generic/bitset/bitset.sty (/home/cmn92/.TinyTeX/texmf-dist/tex/generic/bigintcalc/bigintcalc.sty)) (/home/cmn92/.TinyTeX/texmf-dist/tex/latex/base/atbegshi-ltx.sty)) (/home/cmn92/.TinyTeX/texmf-dist/tex/latex/hyperref/hpdftex.def (/home/cmn92/.TinyTeX/texmf-dist/tex/latex/base/atveryend-ltx.sty) (/home/cmn92/.TinyTeX/texmf-dist/tex/latex/rerunfilecheck/rerunfilecheck.sty (/home/cmn92/.TinyTeX/texmf-dist/tex/generic/uniquecounter/uniquecounter.sty)))) (/home/cmn92/.TinyTeX/texmf-dist/tex/latex/base/makeidx.sty)
Writing index file Rd2.idx
(/home/cmn92/.TinyTeX/texmf-dist/tex/latex/psnfss/t1ptm.fd) (/home/cmn92/.TinyTeX/texmf-dist/tex/latex/l3backend/l3backend-pdftex.def) (./Rd2.aux) (./Rd2.out) (./Rd2.out) (/home/cmn92/.TinyTeX/texmf-dist/tex/latex/inconsolata/t1zi4.fd) (./Rd2.toc (/home/cmn92/.TinyTeX/texmf-dist/tex/latex/amsfonts/umsa.fd) (/home/cmn92/.TinyTeX/texmf-dist/tex/latex/amsfonts/umsb.fd))
[1{/home/cmn92/.TinyTeX/texmf-var/fonts/map/pdftex/updmap/pdftex.map}{/home/cmn92/.TinyTeX/texmf-dist/fonts/enc/dvips/base/8r.enc}{/home/cmn92/.TinyTeX/texmf-dist/fonts/enc/dvips/inconsolata/i4-t1-0.enc}]
[2]
[3] (./Rd2.ind
[4]

[5]) (./Rd2.aux)

Package rerunfilecheck Warning: File `Rd2.out' has changed.
(rerunfilecheck)                Rerun to get outlines right
(rerunfilecheck)                or use package `bookmark'.

 )</home/cmn92/.TinyTeX/texmf-dist/fonts/type1/public/inconsolata/Inconsolata-zi4r.pfb></home/cmn92/.TinyTeX/texmf-dist/fonts/type1/public/amsfonts/cm/cmsy10.pfb></home/cmn92/.TinyTeX/texmf-dist/fonts/type1/urw/times/utmb8a.pfb></home/cmn92/.TinyTeX/texmf-dist/fonts/type1/urw/times/utmr8a.pfb></home/cmn92/.TinyTeX/texmf-dist/fonts/type1/urw/times/utmr8a.pfb></home/cmn92/.TinyTeX/texmf-dist/fonts/type1/urw/times/utmri8a.pfb>
Output written on Rd2.pdf (5 pages, 89541 bytes).
Transcript written on Rd2.log.
This is makeindex, version 2.15 [TeX Live 2022/dev] (kpathsea + Thai support).
Scanning input file Rd2.idx....done (3 entries accepted, 0 rejected).
Sorting entries....done (4 comparisons).
Generating output file Rd2.ind....done (14 lines written, 0 warnings).
Output written in Rd2.ind.
Transcript written in Rd2.ilg.
This is pdfTeX, Version 3.141592653-2.6-1.40.26 (TeX Live 2024) (preloaded format=pdflatex)
 restricted \write18 enabled.
entering extended mode
(./Rd2.tex
LaTeX2e <2024-11-01> patch level 1
L3 programming layer <2024-11-02>

(/home/cmn92/.TinyTeX/texmf-dist/tex/latex/base/book.cls
Document Class: book 2024/06/29 v1.4n Standard LaTeX document class
(/home/cmn92/.TinyTeX/texmf-dist/tex/latex/base/bk10.clo)) (/usr/share/R/share/texmf/tex/latex/Rd.sty (/home/cmn92/.TinyTeX/texmf-dist/tex/latex/base/ifthen.sty) (/home/cmn92/.TinyTeX/texmf-dist/tex/generic/iftex/iftex.sty) (/home/cmn92/.TinyTeX/texmf-dist/tex/latex/tools/longtable.sty) (/home/cmn92/.TinyTeX/texmf-dist/tex/latex/tools/bm.sty) (/home/cmn92/.TinyTeX/texmf-dist/tex/latex/base/alltt.sty) (/home/cmn92/.TinyTeX/texmf-dist/tex/latex/tools/verbatim.sty) (/home/cmn92/.TinyTeX/texmf-dist/tex/latex/url/url.sty) (/home/cmn92/.TinyTeX/texmf-dist/tex/latex/base/textcomp.sty) (/home/cmn92/.TinyTeX/texmf-dist/tex/latex/amsmath/amsmath.sty
For additional information on amsmath, use the `?' option.
(/home/cmn92/.TinyTeX/texmf-dist/tex/latex/amsmath/amstext.sty (/home/cmn92/.TinyTeX/texmf-dist/tex/latex/amsmath/amsgen.sty)) (/home/cmn92/.TinyTeX/texmf-dist/tex/latex/amsmath/amsbsy.sty) (/home/cmn92/.TinyTeX/texmf-dist/tex/latex/amsmath/amsopn.sty)) (/home/cmn92/.TinyTeX/texmf-dist/tex/latex/amsfonts/amsfonts.sty) (/home/cmn92/.TinyTeX/texmf-dist/tex/latex/amsfonts/amssymb.sty) (/home/cmn92/.TinyTeX/texmf-dist/tex/latex/amsfonts/eucal.sty) (/home/cmn92/.TinyTeX/texmf-dist/tex/latex/base/fontenc.sty) (/home/cmn92/.TinyTeX/texmf-dist/tex/latex/psnfss/times.sty) (/home/cmn92/.TinyTeX/texmf-dist/tex/latex/inconsolata/zi4.sty `inconsolata-zi4' v1.12, 2019/05/17 Text macros for Inconsolata (msharpe) (/home/cmn92/.TinyTeX/texmf-dist/tex/latex/xkeyval/xkeyval.sty (/home/cmn92/.TinyTeX/texmf-dist/tex/generic/xkeyval/xkeyval.tex (/home/cmn92/.TinyTeX/texmf-dist/tex/generic/xkeyval/xkvutils.tex (/home/cmn92/.TinyTeX/texmf-dist/tex/generic/xkeyval/keyval.tex))))) (/home/cmn92/.TinyTeX/texmf-dist/tex/latex/graphics/color.sty (/home/cmn92/.TinyTeX/texmf-dist/tex/latex/graphics-cfg/color.cfg) (/home/cmn92/.TinyTeX/texmf-dist/tex/latex/graphics-def/pdftex.def) (/home/cmn92/.TinyTeX/texmf-dist/tex/latex/graphics/mathcolor.ltx)) (/home/cmn92/.TinyTeX/texmf-dist/tex/latex/hyperref/hyperref.sty (/home/cmn92/.TinyTeX/texmf-dist/tex/latex/kvsetkeys/kvsetkeys.sty) (/home/cmn92/.TinyTeX/texmf-dist/tex/generic/kvdefinekeys/kvdefinekeys.sty) (/home/cmn92/.TinyTeX/texmf-dist/tex/generic/pdfescape/pdfescape.sty (/home/cmn92/.TinyTeX/texmf-dist/tex/generic/ltxcmds/ltxcmds.sty) (/home/cmn92/.TinyTeX/texmf-dist/tex/generic/pdftexcmds/pdftexcmds.sty (/home/cmn92/.TinyTeX/texmf-dist/tex/generic/infwarerr/infwarerr.sty))) (/home/cmn92/.TinyTeX/texmf-dist/tex/latex/hycolor/hycolor.sty) (/home/cmn92/.TinyTeX/texmf-dist/tex/latex/hyperref/nameref.sty (/home/cmn92/.TinyTeX/texmf-dist/tex/latex/refcount/refcount.sty) (/home/cmn92/.TinyTeX/texmf-dist/tex/generic/gettitlestring/gettitlestring.sty (/home/cmn92/.TinyTeX/texmf-dist/tex/latex/kvoptions/kvoptions.sty))) (/home/cmn92/.TinyTeX/texmf-dist/tex/latex/etoolbox/etoolbox.sty) (/home/cmn92/.TinyTeX/texmf-dist/tex/generic/stringenc/stringenc.sty) (/home/cmn92/.TinyTeX/texmf-dist/tex/latex/hyperref/pd1enc.def) (/home/cmn92/.TinyTeX/texmf-dist/tex/generic/intcalc/intcalc.sty) (/home/cmn92/.TinyTeX/texmf-dist/tex/latex/hyperref/puenc.def) (/home/cmn92/.TinyTeX/texmf-dist/tex/generic/bitset/bitset.sty (/home/cmn92/.TinyTeX/texmf-dist/tex/generic/bigintcalc/bigintcalc.sty)) (/home/cmn92/.TinyTeX/texmf-dist/tex/latex/base/atbegshi-ltx.sty)) (/home/cmn92/.TinyTeX/texmf-dist/tex/latex/hyperref/hpdftex.def (/home/cmn92/.TinyTeX/texmf-dist/tex/latex/base/atveryend-ltx.sty) (/home/cmn92/.TinyTeX/texmf-dist/tex/latex/rerunfilecheck/rerunfilecheck.sty (/home/cmn92/.TinyTeX/texmf-dist/tex/generic/uniquecounter/uniquecounter.sty)))) (/home/cmn92/.TinyTeX/texmf-dist/tex/latex/base/makeidx.sty)
Writing index file Rd2.idx
(/home/cmn92/.TinyTeX/texmf-dist/tex/latex/psnfss/t1ptm.fd) (/home/cmn92/.TinyTeX/texmf-dist/tex/latex/l3backend/l3backend-pdftex.def) (./Rd2.aux) (./Rd2.out) (./Rd2.out) (/home/cmn92/.TinyTeX/texmf-dist/tex/latex/inconsolata/t1zi4.fd) (./Rd2.toc (/home/cmn92/.TinyTeX/texmf-dist/tex/latex/amsfonts/umsa.fd) (/home/cmn92/.TinyTeX/texmf-dist/tex/latex/amsfonts/umsb.fd))
[1{/home/cmn92/.TinyTeX/texmf-var/fonts/map/pdftex/updmap/pdftex.map}{/home/cmn92/.TinyTeX/texmf-dist/fonts/enc/dvips/base/8r.enc}{/home/cmn92/.TinyTeX/texmf-dist/fonts/enc/dvips/inconsolata/i4-t1-0.enc}]
[2]
[3] (./Rd2.ind
[4]

[5]) (./Rd2.aux) )</home/cmn92/.TinyTeX/texmf-dist/fonts/type1/public/inconsolata/Inconsolata-zi4r.pfb></home/cmn92/.TinyTeX/texmf-dist/fonts/type1/public/amsfonts/cm/cmsy10.pfb></home/cmn92/.TinyTeX/texmf-dist/fonts/type1/urw/times/utmb8a.pfb></home/cmn92/.TinyTeX/texmf-dist/fonts/type1/urw/times/utmr8a.pfb></home/cmn92/.TinyTeX/texmf-dist/fonts/type1/urw/times/utmr8a.pfb></home/cmn92/.TinyTeX/texmf-dist/fonts/type1/urw/times/utmri8a.pfb>
Output written on Rd2.pdf (5 pages, 89756 bytes).
Transcript written on Rd2.log.
Saving output to ‘gpcp-manual.pdf’ ...
Done
You may want to clean up by 'rm -Rf /tmp/RtmpvwmEuH/Rd2pdf60276313a02d'
